11:02:12 == Tolhuistuin (Amsterdam): 81 events via embedded (6s) 
11:02:13     165 eventlinks, detailpagina's ophalen (gecached)…
11:02:18 == Melkweg (Amsterdam): 287 events via embedded (12s) 
11:02:18     453 events via graphql, eventpagina's ophalen (gecached)…
11:02:20     212 eventlinks, detailpagina's ophalen (gecached)…
11:02:20 == 013 (Tilburg): 165 events via jsonld_detail (8s) 
11:02:20 == Merleyn (Nijmegen): 0 events via passive (0s) geen eigen bron: ontvangt events die een ander podium hier programmeert (relabel_by_location)
11:02:21 == Bitterzoet (Amsterdam): 62 events via wp_event (15s) 
11:02:33 == Paradiso (Amsterdam): 434 events via graphql_detail (27s) 
11:02:36 == Hedon (Zwolle): 0 events via none (3s) embedded: 0 events
11:02:39 == PAARD (Den Haag): 179 events via jsonld (18s) 
11:02:40 == Effenaar (Eindhoven): 124 events via embedded (4s) 
11:02:48 == De Helling (Utrecht): 71 events via jsonld (42s) ticketshop herkend: dehelling.stager.co; extra bron https://dehelling.stager.co/shop/default/events: 63 events via stager, 63 nieuw
11:02:50 == SPOT (Groningen): 0 events via none (2s) html: 0 events
11:02:52 == dB's (Utrecht): 63 events via tribe (46s) ticketshop herkend: dbs.stager.co; extra bron https://dbs.stager.co/shop/default/events: 48 events via stager, 48 nieuw
11:02:53     99 eventlinks, detailpagina's ophalen (gecached)…
11:02:58     871 eventlinks, detailpagina's ophalen (gecached)…
11:03:03 == EKKO (Utrecht): 80 events via wp_event (57s) ticketshop herkend: ekko.stager.co; extra bron https://ekko.stager.co/shop/default/events: 73 events via stager, 73 nieuw
11:03:09 == Simplon (Groningen): 73 events via html (29s) ticketshop herkend: simplon.stager.co; extra bron https://simplon.stager.co/shop/default/events: 55 events via stager, 55 nieuw
11:03:19     podiumfilters: 23 categorieën, 23 pagina's, 184 events getagd, 16 uitgesloten
11:03:20     podiumfilters: 4 categorieën, 4 pagina's, 0 events getagd, 0 uitgesloten
11:03:20 == Vera (Groningen): 66 events via html (42s) html: 21 events; extra bron https://vera.stager.co/shop/default/events: 66 events via stager, 66 nieuw; 0 events getagd via podiumfilters
11:03:21 == Patronaat (Haarlem): 162 events via html (61s) 
11:03:22     www.gigant.nl: botmuur (403) -> verder met browser-TLS-handdruk
11:03:25 == Doornroosje (Nijmegen): 194 events via jsonld_detail (67s) 167 events getagd via podiumfilters, 15 uitgesloten (andere locatie)
11:03:26     49 eventlinks, detailpagina's ophalen (gecached)…
11:03:29 == Iduna (Drachten): 51 events via wp_event (36s) jsonld: 0 events; microdata: 0 events; embedded: 0 events; html_preset: 0 events; tribe: HTTPError 404 Client Error: Not Found for url: https://iduna.nl/wp-json/tribe/events/v1/events?per_page=50&page=1&start_date=2026-; ticketshop herkend: iduna.stager.co; extra bron https://iduna.stager.co/shop/default/events: 42 events via stager, 42 nieuw
11:03:31 == Neushoorn (Leeuwarden): 101 events via jsonld_detail (41s) ticketshop herkend: neushoorn.stager.co; extra bron https://neushoorn.stager.co/shop/neushoorn/events: 71 events via stager, 71 nieuw
11:03:34 == Willemeen (Arnhem): 63 events via html (25s) ticketshop herkend: willemeen.stager.co; extra bron https://willemeen.stager.co/shop/default/events: 46 events via stager, 46 nieuw
11:03:35 == De Vorstin (Hilversum): 55 events via json_api (4s) 
11:03:37     82 eventlinks uit sitemap, detailpagina's ophalen (gecached)…
11:03:43 == Q-factory (Amsterdam): 63 events via sitemap_detail (8s) 
11:03:46 == GIGANT (Apeldoorn): 51 events via wp_event (26s) extra bron https://www.gigant.nl/clubnachten/: 11 events via wp_event, 11 nieuw
11:03:53 == Metropool (Hengelo): 164 events via html (27s) 
11:03:53 == Burgerweeshuis (Deventer): 60 events via jsonld_detail (32s) jsonld: 0 events; microdata: 0 events; embedded: 0 events; html_preset: 0 events; tribe: HTTPError 404 Client Error: Not Found for url: https://www.burgerweeshuis.nl/wp-json/tribe/events/v1/events?per_page=50&page=1&sta; wp_event: 0 events; ticketshop herkend: burgerweeshuis.stager.co; extra bron https://burgerweeshuis.stager.co/shop/default/events: 55 events via stager, 55 nieuw
11:03:53     0 eventlinks, detailpagina's ophalen (gecached)…
11:03:53 == Slachthuis (Haarlem): 0 events via none (7s) redirect: https://slachthuishaarlem.nl/programma/ -> https://slachthuishaarlem.nl/cgi-sys/suspendedpage.cgi (controleer venues.yaml); jsonld: 0 events; microdata: 0 events; embedded: 0 events; html_preset: 0 events; tribe: JSONDecodeError Expecting value: line 1 column 1 (char 0); wp_event: 0 events; jsonld_detail: 0 events
11:04:01 == Nobel (Leiden): 109 events via html (8s) 
11:04:05 == P60 (Amstelveen): 35 events via wp_event (31s) wp_event: 35 events
11:04:06 == Luxor Live (Arnhem): 126 events via microdata (63s) ticketshop herkend: luxorlive.stager.co; extra bron https://luxorlive.stager.co/shop/luxor-live/events: 125 events via stager, 125 nieuw
11:04:07 == Musicon (Den Haag): 63 events via jsonld (6s) 
11:04:08 == Victorie (Alkmaar): 104 events via wp_event (15s) jsonld: 0 events; microdata: 0 events; embedded: 0 events; html_preset: 0 events; tribe: HTTPError 404 Client Error: Not Found for url: https://www.podiumvictorie.nl/wp-json/tribe/events/v1/events?per_page=50&page=1&sta
11:04:09     173 eventlinks uit sitemap, detailpagina's ophalen (gecached)…
11:04:09 == WORM (Rotterdam): 31 events via html (3s) 
11:04:12 == Cinetol (Amsterdam): 62 events via html (29s) ticketshop herkend: cinetol.stager.co; extra bron https://cinetol.stager.co/shop/cinetol-tickets/events: 59 events via stager, 59 nieuw
11:04:15     76 eventlinks, detailpagina's ophalen (gecached)…
11:04:18 == LantarenVenster (Rotterdam): 74 events via jsonld_detail (8s) jsonld: 0 events; microdata: 0 events; embedded: 0 events; html_preset: 0 events; tribe: HTTPError 404 Client Error: Not Found for url: https://www.lantarenvenster.nl/wp-json/tribe/events/v1/events?per_page=50&page=1&st; wp_event: 0 events; LET OP: aanvang op eventpagina's wijkt -1u af van de lijst -> zet time_is_local of controleer tijdzone
11:04:26 == Baroeg (Rotterdam): 33 events via html:theater-for-wordpress (18s) jsonld: 0 events; microdata: 0 events; embedded: 0 events; ticketshop herkend: baroeg.stager.co; extra bron https://baroeg.stager.co/shop/default/events: 27 events via stager, 27 nieuw
11:04:31     podiumfilters: 3 categorieën, 3 pagina's, 47 events getagd, 0 uitgesloten
11:04:32 == Boerderij (Zoetermeer): 76 events via json_api (39s) extra bron https://boerderij.stager.co/shop/default/events: 72 events via stager, 72 nieuw
11:04:33 == Mezz (Breda): 146 events via json_api (15s) 
11:04:36 == FLUOR (Amersfoort): 59 events via tribe (67s) jsonld: 0 events; microdata: 0 events; embedded: 0 events; html_preset: 0 events; ticketshop herkend: fluor.stager.co; extra bron https://fluor.stager.co/shop/default/events: 56 events via stager, 56 nieuw; 47 events getagd via podiumfilters
11:04:37     30 eventlinks, detailpagina's ophalen (gecached)…
11:04:37 == BIRD (Rotterdam): 70 events via sitemap_detail (31s) ticketshop herkend: bird.stager.co; extra bron https://bird.stager.co/shop/default/events: 39 events via stager, 39 nieuw
11:04:53 == Hall of Fame (Tilburg): 35 events via stager (20s) stager: 35 events; ticketshop herkend: hall-fame.stager.co; extra bron https://hall-fame.stager.co/shop/default/events: 35 events via stager, 0 nieuw
11:04:53 == Rotown (Rotterdam): 137 events via jsonld (48s) ticketshop herkend: rotown.stager.co; extra bron https://rotown.stager.co/shop/default/events: 91 events via stager, 91 nieuw
11:04:58 == PX (Volendam): 28 events via html (6s) 
11:05:01 == Bibelot (Dordrecht): 97 events via html (49s) ticketshop herkend: bibelot.stager.co; extra bron https://bibelot.stager.co/shop/ticketshopnew/events: 89 events via stager, 89 nieuw
11:05:13     podiumfilters: 41 categorieën, 87 pagina's, 743 events getagd, 0 uitgesloten
11:05:13 == Grenswerk (Venlo): 95 events via html (36s) ticketshop herkend: grenswerk.stager.co; extra bron https://grenswerk.stager.co/shop/default/events: 71 events via stager, 71 nieuw
11:05:15 == Nieuwe Nor (Heerlen): 91 events via jsonld_detail (40s) jsonld_detail: 30 events; ticketshop herkend: nieuwenor.stager.co; extra bron https://nieuwenor.stager.co/shop/default/events: 72 events via stager, 72 nieuw
11:05:17 == TivoliVredenburg (Utrecht): 869 events via jsonld_detail (190s) 742 events getagd via podiumfilters
11:05:19 == Bolwerk (Poort) (Sneek): 129 events via wp_event (21s) 
11:05:22 == De Pul (Uden): 62 events via html (9s) 
11:05:23     22 eventlinks, detailpagina's ophalen (gecached)…
11:05:23     49 eventlinks, detailpagina's ophalen (gecached)…
11:05:28 == De Gelderlandfabriek (Culemborg): 48 events via wp_event (35s) wp_event: 6 events; ticketshop herkend: degelderlandfabriek.stager.co; extra bron https://degelderlandfabriek.stager.co/shop/default/events: 47 events via stager, 47 nieuw
11:05:30 == Estrado (Harderwijk): 21 events via jsonld_detail (14s) jsonld_detail: 21 events
11:05:31 Traceback (most recent call last):
  File "/home/runner/work/poppodia-agenda/poppodia-agenda/fetch.py", line 280, in run_one
    evs, strat, note, audit = fetch_venue(v, cache)
                              ^^^^^^^^^^^^^^^^^^^^^
  File "/home/runner/work/poppodia-agenda/poppodia-agenda/fetch.py", line 77, in fetch_venue
    r0 = get(base, delay=float(v.get("crawl_delay", 0)))
         ^^^^^^^^^^^^^^^^^^^^^^^^^^^^^^^^^^^^^^^^^^^^^^^
  File "/home/runner/work/poppodia-agenda/poppodia-agenda/net.py", line 126, in get
    r.raise_for_status()
  File "/opt/hostedtoolcache/Python/3.12.15/x64/lib/python3.12/site-packages/requests/models.py", line 1167, in raise_for_status
    raise HTTPError(http_error_msg, response=self)
requests.exceptions.HTTPError: 403 Client Error: Forbidden for url: https://www.hetpodium.nl/agenda

11:05:31 == Het Podium (Hoogeveen): 0 events via error (1s) HTTPError: 403 Client Error: Forbidden for url: https://www.hetpodium.nl/agenda
11:05:31     55 eventlinks, detailpagina's ophalen (gecached)…
11:05:32 == De Piek (Vlissingen): 33 events via html (17s) ticketshop herkend: depiek.stager.co; extra bron https://depiek.stager.co/shop/default/events: 21 events via stager, 21 nieuw
11:05:34     podiumfilters: 4 categorieën, 4 pagina's, 45 events getagd, 0 uitgesloten
11:05:35 == Willem Twee (Den Bosch): 49 events via html (69s) ticketshop herkend: willem-twee.stager.co; extra bron https://willem-twee.stager.co/shop/default/events: 0 events via none, 0 nieuw
11:05:35 == 't Beest (Goes): 56 events via html:theater-for-wordpress (34s) jsonld: 0 events; microdata: 0 events; embedded: 0 events; ticketshop herkend: tbeest.stager.co; extra bron https://tbeest.stager.co/shop/default/events: 54 events via stager, 54 nieuw; 56 events getagd via podiumfilters
11:05:40 == De Peppel (Zeist): 26 events via tribe (4s) jsonld: 0 events; microdata: 0 events; embedded: 0 events; html_preset: 0 events
11:05:43     67 eventlinks, detailpagina's ophalen (gecached)…
11:05:46 == ECI Cultuurfabriek (Roermond): 20 events via html (10s) html: 20 events
11:05:46 == De Pit (Terneuzen): 33 events via html:theater-for-wordpress (15s) jsonld: 0 events; microdata: 0 events; embedded: 0 events; ticketshop herkend: depit.stager.co; extra bron https://depit.stager.co/shop/default/events: 27 events via stager, 27 nieuw
11:05:48     www.so-what.nl: botmuur (403) -> verder met browser-TLS-handdruk
11:05:51     17 eventlinks, detailpagina's ophalen (gecached)…
11:05:51 == Porgy en Bess (Terneuzen): 44 events via html:theater-for-wordpress (19s) jsonld: 0 events; microdata: 0 events; embedded: 0 events; ticketshop herkend: porgyenbess.stager.co; extra bron https://porgyenbess.stager.co/shop/porgyenbess/events: 30 events via stager, 30 nieuw
11:05:58     33 eventlinks, detailpagina's ophalen (gecached)…
11:05:58 == De Spot (Middelburg): 95 events via jsonld_detail (36s) jsonld: 0 events; microdata: 0 events; embedded: 0 events; html_preset: 0 events; tribe: HTTPError 404 Client Error: Not Found for url: https://despotmiddelburg.nl/wp-json/tribe/events/v1/events?per_page=50&page=1&start; wp_event: 0 events; ticketshop herkend: despot.stager.co; extra bron https://despot.stager.co/shop/default/events: 41 events via stager, 41 nieuw
11:06:02 == Muziekgieterij (Maastricht): 127 events via wp_event (89s) ticketshop herkend: muziekgieterij.stager.co; extra bron https://muziekgieterij.stager.co/shop/concert/events: 74 events via stager, 74 nieuw
11:06:02 == Capsloc (Capelle aan den IJssel): 17 events via jsonld_detail (23s) jsonld: 0 events; microdata: 0 events; embedded: 0 events; html_preset: 0 events; tribe: HTTPError 404 Client Error: Not Found for url: https://www.capsloc.nl/wp-json/tribe/events/v1/events?per_page=50&page=1&start_date; wp_event: 0 events; jsonld_detail: 16 events; ticketshop herkend: capsloc.stager.co; extra bron https://capsloc.stager.co/shop/default/events: 13 events via stager, 13 nieuw
11:06:07 == Manifesto (Hoorn): 21 events via html:theater-for-wordpress (8s) jsonld: 0 events; microdata: 0 events; embedded: 0 events
11:06:10     9 eventlinks, detailpagina's ophalen (gecached)…
11:06:13     131 eventlinks, detailpagina's ophalen (gecached)…
11:06:13     30 eventlinks, detailpagina's ophalen (gecached)…
11:06:13 == So What! (Gouda): 31 events via wp_event (27s) wp_event: 31 events; extra bron https://so-what.stager.co/shop/default/events: 22 events via stager, 22 nieuw
11:06:15 == Kroepoekfabriek (Vlaardingen): 33 events via jsonld_detail (24s) jsonld: 0 events; microdata: 0 events; embedded: 0 events; html_preset: 0 events; tribe: HTTPError 404 Client Error: Not Found for url: https://kroepoekfabriek.nl/wp-json/tribe/events/v1/events?per_page=50&page=1&start_; wp_event: 0 events; ticketshop herkend: kroepoekfabriek.stager.co; extra bron https://kroepoekfabriek.stager.co/shop/de-kroepoekfabriek/events: 26 events via stager, 26 nieuw
11:06:20 == De Bosuil (Weert): 68 events via jsonld_detail (52s) jsonld: 0 events; microdata: 0 events; embedded: 0 events; html_preset: 0 events; tribe: HTTPError 404 Client Error: Not Found for url: https://www.debosuil.nl/wp-json/tribe/events/v1/events?per_page=50&page=1&start_dat; wp_event: 0 events; ticketshop herkend: debosuil.stager.co; extra bron https://debosuil.stager.co/shop/default/events: 62 events via stager, 62 nieuw
11:06:20 == De Flux (Zaandam): 9 events via jsonld_detail (18s) jsonld: 0 events; microdata: 0 events; embedded: 0 events; html_preset: 0 events; tribe: HTTPError 404 Client Error: Not Found for url: https://www.podiumdeflux.nl/wp-json/tribe/events/v1/events?per_page=50&page=1&start; wp_event: 0 events; jsonld_detail: 9 events; ticketshop herkend: flux.stager.co; extra bron https://flux.stager.co/shop/default/events: 4 events via stager, 4 nieuw
11:06:24 == Maassilo (Rotterdam): 6 events via html (4s) html: 6 events
11:06:26 == De Cacaofabriek (Helmond): 43 events via html (10s) 
11:06:29 == Corneel (Lelystad): 31 events via jsonld_detail (22s) jsonld: 0 events; microdata: 0 events; embedded: 0 events; html_preset: 0 events; tribe: HTTPError 404 Client Error: Not Found for url: https://www.corneel.nl/wp-json/tribe/events/v1/events?per_page=50&page=1&start_date; wp_event: 0 events; jsonld_detail: 30 events; ticketshop herkend: corneel.stager.co; extra bron https://corneel.stager.co/shop/default/events: 27 events via stager, 27 nieuw
11:06:34     28 eventlinks, detailpagina's ophalen (gecached)…
11:06:35     5 eventlinks, detailpagina's ophalen (gecached)…
11:06:36 == Popcentrale (Dordrecht): 5 events via jsonld_detail (7s) jsonld: 0 events; microdata: 0 events; embedded: 0 events; html_preset: 0 events; tribe: HTTPError 404 Client Error: Not Found for url: https://www.popcentrale.nl/wp-json/tribe/events/v1/events?per_page=50&page=1&start_; wp_event: 0 events; jsonld_detail: 5 events
11:06:36 == Zonnehuis (Amsterdam): 0 events via passive (0s) geen eigen bron: ontvangt events die een ander podium hier programmeert (relabel_by_location)
11:06:36     podiumfilters: 30 categorieën, 58 pagina's, 47 events getagd, 0 uitgesloten
11:06:38 == Volt (Sittard): 49 events via jsonld_detail (79s) 47 events getagd via podiumfilters
11:06:43 == Astrant (Ede): 26 events via wp_event (23s) jsonld: 0 events; microdata: 0 events; embedded: 0 events; html_preset: 0 events; tribe: HTTPError 404 Client Error: Not Found for url: https://astrant-ede.nl/wp-json/tribe/events/v1/events?per_page=50&page=1&start_date; ticketshop herkend: astrantede.stager.co; extra bron https://astrantede.stager.co/shop/default/events: 12 events via stager, 12 nieuw
11:06:50 == De Meester (Almere): 28 events via jsonld_detail (25s) jsonld: 0 events; microdata: 0 events; embedded: 0 events; html_preset: 0 events; tribe: HTTPError 404 Client Error: Not Found for url: https://poppodiumdemeester.nl/wp-json/tribe/events/v1/events?per_page=50&page=1&sta; wp_event: 0 events; ticketshop herkend: demeesteralmere.stager.co; extra bron https://demeesteralmere.stager.co/shop/default/events: 16 events via stager, 16 nieuw
11:06:50     podiumfilters: 16 categorieën, 32 pagina's, 91 events getagd, 0 uitgesloten
11:06:54 == Cpunt (Hoofddorp): 125 events via jsonld_detail (51s) 86 events getagd via podiumfilters
11:06:55 == Groene Engel (Oss): 48 events via html (41s) ticketshop herkend: groene-engel.stager.co; extra bron https://groene-engel.stager.co/shop/default/events: 0 events via none, 0 nieuw
11:06:57     0 eventlinks, detailpagina's ophalen (gecached)…
11:06:57 == Skatecafe (Amsterdam): 0 events via none (14s) jsonld: 0 events; microdata: 0 events; embedded: 0 events; html_preset: 0 events; tribe: HTTPError 404 Client Error: Not Found for url: https://www.skatecafe.nl/wp-json/tribe/events/v1/events?per_page=50&page=1&start_da; wp_event: 0 events; jsonld_detail: 0 events
11:06:59     5 eventlinks, detailpagina's ophalen (gecached)…
11:07:00 == Gebouw-T (Bergen op Zoom): 261 events via wp_event (75s) jsonld: 0 events; microdata: 0 events; embedded: 0 events; html_preset: 0 events; tribe: HTTPError 404 Client Error: Not Found for url: https://gebouw-t.nl/wp-json/tribe/events/v1/events?page=1&per_page=50&start_date=20; ticketshop herkend: gebouw-t.stager.co; extra bron https://gebouw-t.stager.co/shop/default/events: 69 events via stager, 69 nieuw
11:07:03 == Maloe Melo (Amsterdam): 14 events via tribe (8s) jsonld: 5 events; microdata: 0 events; embedded: 0 events; html_preset: 0 events; tribe: 14 events; wp_event: 14 events; jsonld_detail: 5 events
11:07:05 == Altstadt (Eindhoven): 33 events via wp_event (39s) jsonld: 0 events; microdata: 0 events; embedded: 0 events; html_preset: 0 events; tribe: HTTPError 404 Client Error: Not Found for url: https://www.altstadt.nl/wp-json/tribe/events/v1/events?per_page=50&page=1&start_dat
11:07:08     2 eventlinks, detailpagina's ophalen (gecached)…
11:07:08     7 eventlinks, detailpagina's ophalen (gecached)…
11:07:09 == Parallel (Amsterdam): 0 events via none (12s) jsonld: 0 events; microdata: 0 events; embedded: 0 events; html_preset: 0 events; tribe: HTTPError 404 Client Error: Not Found for url: https://parallel.am/wp-json/tribe/events/v1/events?per_page=50&page=1&start_date=20; wp_event: 0 events; jsonld_detail: 0 events
11:07:09 == Poppodium Phoenix (Breda): 55 events via tribe (33s) jsonld: 0 events; microdata: 0 events; embedded: 0 events; html_preset: 0 events; ticketshop herkend: phoenix.stager.co; extra bron https://phoenix.stager.co/shop/default/events: 49 events via stager, 49 nieuw
11:07:11 == AFAS Live (Amsterdam): 92 events via html (9s) 
11:07:15 == The Cave (Amsterdam): 7 events via jsonld_detail (21s) jsonld: 0 events; microdata: 0 events; embedded: 0 events; html_preset: 0 events; tribe: HTTPError 404 Client Error: Not Found for url: https://www.thecaveamsterdam.nl/wp-json/tribe/events/v1/events?per_page=50&page=1&s; wp_event: 0 events; jsonld_detail: 7 events
11:07:15     2 eventlinks, detailpagina's ophalen (gecached)…
11:07:16 == Amsterdamse Bostheater (Amsterdam): 0 events via none (12s) jsonld: 0 events; microdata: 0 events; embedded: 0 events; html_preset: 0 events; tribe: HTTPError 404 Client Error: Not Found for url: https://bostheater.nl/wp-json/tribe/events/v1/events?per_page=50&page=1&start_date=; wp_event: 0 events; jsonld_detail: 0 events
11:07:18     9 eventlinks, detailpagina's ophalen (gecached)…
11:07:19 == Ziggo Dome (Amsterdam): 127 events via json_api (19s) 
11:07:22     0 eventlinks, detailpagina's ophalen (gecached)…
11:07:23     0 eventlinks, detailpagina's ophalen (gecached)…
11:07:23     69 eventlinks, detailpagina's ophalen (gecached)…
11:07:27     10 eventlinks, detailpagina's ophalen (gecached)…
11:07:29     24 eventlinks, detailpagina's ophalen (gecached)…
11:07:30 == Ahoy (Rotterdam): 68 events via jsonld_detail (18s) jsonld: 0 events; microdata: 0 events; embedded: 0 events; html_preset: 0 events; tribe: HTTPError 404 Client Error: Not Found for url: https://www.ahoy.nl/wp-json/tribe/events/v1/events?per_page=50&page=1&start_date=20; wp_event: 0 events
11:07:30 == V11 (Rotterdam): 5 events via jsonld_detail (21s) jsonld: 0 events; microdata: 0 events; embedded: 0 events; html_preset: 0 events; tribe: HTTPError 404 Client Error: Not Found for url: https://www.vessel11.nl/wp-json/tribe/events/v1/events?per_page=50&page=1&start_dat; wp_event: 0 events; jsonld_detail: 2 events; ticketshop herkend: v11.stager.co; extra bron https://v11.stager.co/shop/default/events: 4 events via stager, 4 nieuw
11:07:30 == OCCII (Amsterdam): 24 events via jsonld_detail (41s) jsonld: 0 events; microdata: 0 events; embedded: 0 events; html_preset: 0 events; tribe: HTTPError 404 Client Error: Not Found for url: https://occii.org/wp-json/tribe/events/v1/events?per_page=50&page=1&start_date=2026; wp_event: 0 events
11:07:32 == WPC Nederland 3 (Wateringen): 26 events via tribe (13s) jsonld: 0 events; microdata: 0 events; embedded: 0 events; html_preset: 0 events
11:07:36     6 eventlinks, detailpagina's ophalen (gecached)…
11:07:37     12 eventlinks, detailpagina's ophalen (gecached)…
11:07:37 == Grounds (Rotterdam): 27 events via none (28s) jsonld: 0 events; microdata: 0 events; embedded: 0 events; html_preset: 0 events; tribe: HTTPError 404 Client Error: Not Found for url: https://www.grounds.nu/wp-json/tribe/events/v1/events?per_page=50&page=1&start_date; wp_event: 0 events; jsonld_detail: 0 events; ticketshop herkend: grounds.stager.co; extra bron https://grounds.stager.co/shop/default/events: 27 events via stager, 27 nieuw
11:07:37 == Resistor (Leiden): 6 events via jsonld_detail (7s) jsonld: 0 events; microdata: 0 events; embedded: 6 events; html_preset: 0 events; tribe: HTTPError 404 Client Error: Not Found for url: https://www.resistor.nl/wp-json/tribe/events/v1/events?per_page=50&page=1&start_dat; wp_event: 0 events; jsonld_detail: 6 events
11:07:38 == Openluchttheater De Goffert (Nijmegen): 0 events via none (7s) jsonld: 0 events; microdata: 0 events; embedded: 0 events; html_preset: 0 events; tribe: HTTPError 404 Client Error: Not Found for url: https://www.oltgoffert.nl/wp-json/tribe/events/v1/events?per_page=50&page=1&start_d; wp_event: 0 events; jsonld_detail: 2 events
11:07:40 == DJS (Dordrecht): 33 events via none (24s) jsonld: 0 events; microdata: 0 events; embedded: 0 events; html_preset: 0 events; tribe: HTTPError 404 Client Error: Not Found for url: https://muziekpodiumdjs.nl/wp-json/tribe/events/v1/events?per_page=50&page=1&start_; wp_event: 0 events; jsonld_detail: 0 events; ticketshop herkend: muziekpodiumdjs.stager.co; extra bron https://muziekpodiumdjs.stager.co/shop/default/events: 33 events via stager, 33 nieuw
11:07:43     0 eventlinks, detailpagina's ophalen (gecached)…
11:07:44 == De Beuk (Barendrecht): 0 events via none (14s) jsonld: 0 events; microdata: 0 events; embedded: 0 events; html_preset: 0 events; tribe: HTTPError 404 Client Error: Not Found for url: https://www.beukonline.nl/wp-json/tribe/events/v1/events?per_page=50&page=1&start_d; wp_event: 0 events; jsonld_detail: 0 events; ticketshop herkend: beuk.stager.co; extra bron https://beuk.stager.co/shop/default/events: 0 events via none, 0 nieuw
11:07:46     0 eventlinks, detailpagina's ophalen (gecached)…
11:07:46 == Caprera (Bloemendaal): 0 events via none (8s) jsonld: 0 events; microdata: 0 events; embedded: 0 events; html_preset: 0 events; tribe: HTTPError 404 Client Error: Not Found for url: https://caprera.nu/wp-json/tribe/events/v1/events?per_page=50&page=1&start_date=202; wp_event: 0 events; jsonld_detail: 0 events
11:07:49     60 eventlinks, detailpagina's ophalen (gecached)…
11:07:49     0 eventlinks, detailpagina's ophalen (gecached)…
11:07:49 == Little Devil (Tilburg): 0 events via none (5s) jsonld: 0 events; microdata: 0 events; embedded: 0 events; html_preset: 0 events; tribe: HTTPError 404 Client Error: Not Found for url: https://www.littledevil.nl/wp-json/tribe/events/v1/events?per_page=50&page=1&start_; wp_event: 0 events; jsonld_detail: 0 events
11:07:52 == Beauforthuis (Austerlitz): 53 events via jsonld (14s) 
11:07:52     20 eventlinks, detailpagina's ophalen (gecached)…
11:07:54 == De Amer (Amen): 45 events via jsonld_detail (39s) jsonld: 0 events; microdata: 0 events; embedded: 0 events; html_preset: 0 events; tribe: HTTPError 404 Client Error: Not Found for url: https://www.cafedeamer.nl/wp-json/tribe/events/v1/events?per_page=50&page=1&start_d; wp_event: 0 events; jsonld_detail: 10 events; ticketshop herkend: amer.stager.co; extra bron https://amer.stager.co/shop/default/events: 45 events via stager, 45 nieuw
11:07:57     14 eventlinks, detailpagina's ophalen (gecached)…
11:07:58 == Aa-Theater (Groningen): 18 events via jsonld_detail (12s) jsonld: 17 events; microdata: 0 events; embedded: 0 events; html_preset: 0 events; tribe: 17 events; wp_event: 17 events; jsonld_detail: 18 events
11:08:03 == De Grote Weiver (Wormerveer): 12 events via jsonld_detail (31s) jsonld: 0 events; microdata: 0 events; embedded: 0 events; html_preset: 0 events; tribe: HTTPError 404 Client Error: Not Found for url: https://degrooteweiver.nl/wp-json/tribe/events/v1/events?per_page=50&page=1&start_d; wp_event: 0 events; jsonld_detail: 12 events
11:08:03     0 eventlinks, detailpagina's ophalen (gecached)…
11:08:03 == Toekomstmuziek (Amsterdam): 0 events via none (12s) jsonld: 0 events; microdata: 0 events; embedded: 0 events; html_preset: 0 events; tribe: HTTPError 404 Client Error: Not Found for url: https://www.toekomstmuziek.com/wp-json/tribe/events/v1/events?per_page=50&page=1&st; wp_event: 0 events; jsonld_detail: 0 events
11:08:08     8 eventlinks, detailpagina's ophalen (gecached)…
11:08:08     0 eventlinks, detailpagina's ophalen (gecached)…
11:08:10 == Loburg (Wageningen): 15 events via wp_event (33s) jsonld: 0 events; microdata: 0 events; embedded: 0 events; html_preset: 0 events; tribe: HTTPError 404 Client Error: Not Found for url: https://www.loburg.com/wp-json/tribe/events/v1/events?per_page=50&page=1&start_date; wp_event: 15 events; jsonld_detail: 0 events
11:08:14 == De Vereeniging (Nijmegen): 8 events via jsonld_detail (25s) jsonld: 0 events; microdata: 0 events; embedded: 0 events; html_preset: 0 events; tribe: HTTPError 404 Client Error: Not Found for url: https://www.stadsschouwburgendevereeniging.nl/wp-json/tribe/events/v1/events?per_pa; wp_event: 0 events; jsonld_detail: 8 events
11:08:55 == PHIL (Haarlem): 32 events via jsonld_detail (76s) jsonld: 0 events; microdata: 0 events; embedded: 0 events; html_preset: 0 events; tribe: HTTPError 404 Client Error: Not Found for url: https://philhaarlem.nl/wp-json/tribe/events/v1/events; wp_event: 0 events; jsonld_detail: 32 events
11:13:24     59 eventlinks, detailpagina's ophalen (gecached)…
11:13:26 == De Nieuwe Anita (Amsterdam): 18 events via wp_event (408s) jsonld: 0 events; microdata: 0 events; embedded: 0 events; html_preset: 0 events; tribe: HTTPError 404 Client Error: Not Found for url: https://www.denieuweanita.nl/wp-json/tribe/events/v1/events?per_page=50&page=1&star; wp_event: 18 events; jsonld_detail: 3 events
11:13:26     SPOT: bron onbereikbaar, 3 events van de vorige run hergebruikt
11:13:26     Slachthuis: bron onbereikbaar, 5 events van de vorige run hergebruikt
11:13:26     Parallel: bron onbereikbaar, 19 events van de vorige run hergebruikt
11:13:26     Little Devil: bron onbereikbaar, 6 events van de vorige run hergebruikt
11:13:27 Locaties: 280 events verhuisd naar het podium waar ze plaatsvinden; 181 dubbele events samengevoegd
11:13:27 LET OP regressie Hedon: 0 events, was 136
11:13:27 Identiteit: 1 events van url-sleutel naar podium|dag|titel gemigreerd (first_seen behouden)
11:13:27 Verschil met vorige run: 19 events verdwenen, 0 van dag verschoven, 13 van tijd (≥1 uur), 7 van prijs (>€ 5)
11:15:02 MusicBrainz: 21 artiesten opgezocht (2 nog te doen)
11:16:00 Zelflerend: 185 tag->type-koppelingen (+3), 310 geleerde subgenres (+2)
11:16:00 Artiestenbank: 8094 artiesten; 1010 events kregen genre via de kennisbank
11:16:00 Reeksengeheugen: 9523 reeksen; 2 tijden en 9 typen overgenomen uit eerdere edities (prijzen worden nooit geschat)
11:16:00 Prijsherkomst: shop 528, list 2222, jsonld 910, labeled 2319, embedded 283, text 456, none 385 · tijd uit pagina: label 1542, after_date 116, paren 143, schedule 217
11:16:00 Archief: 11885 events bewaard (data/archive.json); 1 records naar de nieuwe id verhuisd
11:16:00 LET OP groundtruth Maassilo · Zwangere Guy 2026-12-03: ontbreekt
11:16:00 LET OP groundtruth Nieuwe Nor · Knaltibal 2026-11-07: ontbreekt
11:16:00 LET OP groundtruth Q-factory · Four Decades of Detroit Techno 2026-10-23: tijd 14:00 i.p.v. 19:30; prijs € 61,16 i.p.v. 53
11:16:00     baseline run29 afwijking Baroeg · Halloween Madness: Ritual (The Dutch Gho 2026-10-31: tijd 19:00 i.p.v. 19:30
11:16:00     baseline run29 afwijking Bibelot · Reggae Central: Mark Wonder & The Rude C 2026-11-05: prijs € 20,16 i.p.v. 13.5
11:16:00     baseline run29 afwijking Capsloc · Boneheadz 2026-10-24: prijs € 12,50 i.p.v. 0
11:16:00     baseline run29 afwijking Doornroosje · Westside Cowboy 2026-10-28: prijs € 23 i.p.v. 26.0
11:16:00     baseline run29 afwijking Hedon · NIELS GEUSEBROEK SINGS COLDPLAY 2026-11-06: ontbreekt
11:16:00     baseline run29 afwijking SPOT · Kitty, Daisy & Lewis 2026-10-18: ontbreekt
11:16:00     baseline run29 afwijking Volt · Kraak & Smaak 2026-10-10: tijd 20:30 i.p.v. 20:00
11:16:00     baseline run29 afwijking dB's · Halloween Rock 2026-10-31: ontbreekt
11:16:00 Groundtruth: 11/14 gecontroleerde steekproef-events kloppen; baseline: 26/34 ongewijzigd
11:16:01 
Klaar: 7103 events uit 98/106 podia